// Jest Snapshot v1, https://goo.gl/fbAQLP

exports


    <div>
        <button>
            X
        </button>
    <div>